17:29:12 **** Incremental Build of configuration Debug for project core1 ****
make pre-build main-build 
a9-linaro-pre-build-step
' '
'Building file: ../src/helloworld.c'
'Invoking: ARM v7 gcc compiler'
arm-none-eabi-gcc -Wall -O0 -g3 -c -fmessage-length=0 -MT"src/helloworld.o" -mcpu=cortex-a9 -mfpu=vfpv3 -mfloat-abi=hard -I../../pratica4_bsp/ps7_cortexa9_0/include -MMD -MP -MF"src/helloworld.d" -MT"src/helloworld.o" -o "src/helloworld.o" "../src/helloworld.c"
../src/helloworld.c:8:19: warning: initialization makes pointer from integer without a cast [-Wint-conversion]
 void * endereco = 0x40000000;
                   ^~~~~~~~~~
'Finished building: ../src/helloworld.c'
' '
'Building target: core1.elf'
'Invoking: ARM v7 gcc linker'
arm-none-eabi-gcc -mcpu=cortex-a9 -mfpu=vfpv3 -mfloat-abi=hard -Wl,-build-id=none -specs=Xilinx.spec -Wl,-T -Wl,../src/lscript.ld -L../../pratica4_bsp/ps7_cortexa9_0/lib -o "core1.elf"  ./src/helloworld.o ./src/platform.o   -Wl,--start-group,-lxil,-lgcc,-lc,--end-group
'Finished building target: core1.elf'
' '
'Invoking: ARM v7 Print Size'
arm-none-eabi-size core1.elf  |tee "core1.elf.size"
   text	   data	    bss	    dec	    hex	filename
  71968	   2584	  23328	  97880	  17e58	core1.elf
'Finished building: core1.elf.size'
' '

17:29:13 Build Finished (took 1s.24ms)

