16:05:05 **** Incremental Build of configuration Debug for project core2 ****
make pre-build main-build 
a9-linaro-pre-build-step
' '
make: Nothing to be done for `main-build'.
16:05:06 **** Incremental Build of configuration Debug for project core1 ****
make pre-build main-build 
a9-linaro-pre-build-step
' '
make: Nothing to be done for `main-build'.
16:05:34 **** Incremental Build of configuration Debug for project core2 ****
make pre-build main-build 
a9-linaro-pre-build-step
' '
make: Nothing to be done for `main-build'.
16:05:34 **** Incremental Build of configuration Debug for project core1 ****
make pre-build main-build 
a9-linaro-pre-build-step
' '
make: Nothing to be done for `main-build'.
16:08:16 **** Incremental Build of configuration Debug for project core2 ****
make pre-build main-build 
a9-linaro-pre-build-step
' '
make: Nothing to be done for `main-build'.
16:08:17 **** Incremental Build of configuration Debug for project core1 ****
make pre-build main-build 
a9-linaro-pre-build-step
' '
make: Nothing to be done for `main-build'.
16:14:05 **** Incremental Build of configuration Debug for project core2 ****
make pre-build main-build 
a9-linaro-pre-build-step
' '
make: Nothing to be done for `main-build'.
16:14:06 **** Incremental Build of configuration Debug for project core1 ****
make pre-build main-build 
a9-linaro-pre-build-step
' '
make: Nothing to be done for `main-build'.
16:15:14 **** Incremental Build of configuration Debug for project core2 ****
make pre-build main-build 
a9-linaro-pre-build-step
' '
make: Nothing to be done for `main-build'.
16:15:14 **** Incremental Build of configuration Debug for project core1 ****
make pre-build main-build 
a9-linaro-pre-build-step
' '
make: Nothing to be done for `main-build'.
16:16:50 **** Incremental Build of configuration Debug for project core2 ****
make pre-build main-build 
a9-linaro-pre-build-step
' '
'Building file: ../src/helloworld.c'
'Invoking: ARM v7 gcc compiler'
arm-none-eabi-gcc -Wall -O0 -g3 -c -fmessage-length=0 -MT"src/helloworld.o" -mcpu=cortex-a9 -mfpu=vfpv3 -mfloat-abi=hard -I../../core2_bsp/ps7_cortexa9_1/include -MMD -MP -MF"src/helloworld.d" -MT"src/helloworld.o" -o "src/helloworld.o" "../src/helloworld.c"
'Finished building: ../src/helloworld.c'
' '
'Building target: core2.elf'
'Invoking: ARM v7 gcc linker'
arm-none-eabi-gcc -mcpu=cortex-a9 -mfpu=vfpv3 -mfloat-abi=hard -Wl,-build-id=none -specs=Xilinx.spec -Wl,-T -Wl,../src/lscript.ld -L../../core2_bsp/ps7_cortexa9_1/lib -o "core2.elf"  ./src/helloworld.o ./src/platform.o   -Wl,--start-group,-lxil,-lgcc,-lc,--end-group
'Finished building target: core2.elf'
' '
'Invoking: ARM v7 Print Size'
arm-none-eabi-size core2.elf  |tee "core2.elf.size"
   text	   data	    bss	    dec	    hex	filename
  71836	   2584	  23328	  97748	  17dd4	core2.elf
'Finished building: core2.elf.size'
' '
16:16:52 **** Incremental Build of configuration Debug for project core1 ****
make pre-build main-build 
a9-linaro-pre-build-step
' '
make: Nothing to be done for `main-build'.
16:20:42 **** Auto Build of configuration Debug for project core2 ****
make pre-build main-build 
a9-linaro-pre-build-step
' '
'Building file: ../src/helloworld.c'
'Invoking: ARM v7 gcc compiler'
arm-none-eabi-gcc -Wall -O0 -g3 -c -fmessage-length=0 -MT"src/helloworld.o" -mcpu=cortex-a9 -mfpu=vfpv3 -mfloat-abi=hard -I../../core2_bsp/ps7_cortexa9_1/include -MMD -MP -MF"src/helloworld.d" -MT"src/helloworld.o" -o "src/helloworld.o" "../src/helloworld.c"
../src/helloworld.c: In function 'main':
../src/helloworld.c:76:19: error: invalid type argument of unary '*' (have 'int')
  printf("%d\n\r", *endereco);
                   ^
make: *** [src/helloworld.o] Error 1
16:24:21 **** Auto Build of configuration Debug for project core2 ****
make pre-build main-build 
a9-linaro-pre-build-step
' '
'Building file: ../src/helloworld.c'
'Invoking: ARM v7 gcc compiler'
arm-none-eabi-gcc -Wall -O0 -g3 -c -fmessage-length=0 -MT"src/helloworld.o" -mcpu=cortex-a9 -mfpu=vfpv3 -mfloat-abi=hard -I../../core2_bsp/ps7_cortexa9_1/include -MMD -MP -MF"src/helloworld.d" -MT"src/helloworld.o" -o "src/helloworld.o" "../src/helloworld.c"
../src/helloworld.c: In function 'main':
../src/helloworld.c:53:20: warning: initialization makes pointer from integer without a cast [-Wint-conversion]
 #define shared_mem 0x40000000
                    ^
../src/helloworld.c:76:22: note: in expansion of macro 'shared_mem'
     int * endereco = shared_mem;
                      ^~~~~~~~~~
'Finished building: ../src/helloworld.c'
' '
'Building target: core2.elf'
'Invoking: ARM v7 gcc linker'
arm-none-eabi-gcc -mcpu=cortex-a9 -mfpu=vfpv3 -mfloat-abi=hard -Wl,-build-id=none -specs=Xilinx.spec -Wl,-T -Wl,../src/lscript.ld -L../../core2_bsp/ps7_cortexa9_1/lib -o "core2.elf"  ./src/helloworld.o ./src/platform.o   -Wl,--start-group,-lxil,-lgcc,-lc,--end-group
'Finished building target: core2.elf'
' '
'Invoking: ARM v7 Print Size'
arm-none-eabi-size core2.elf  |tee "core2.elf.size"
   text	   data	    bss	    dec	    hex	filename
  71772	   2584	  23328	  97684	  17d94	core2.elf
'Finished building: core2.elf.size'
' '
16:24:51 **** Incremental Build of configuration Debug for project core2 ****
make pre-build main-build 
a9-linaro-pre-build-step
' '
make: Nothing to be done for `main-build'.
16:24:52 **** Incremental Build of configuration Debug for project core1 ****
make pre-build main-build 
a9-linaro-pre-build-step
' '
make: Nothing to be done for `main-build'.
16:25:09 **** Incremental Build of configuration Debug for project core2 ****
make pre-build main-build 
a9-linaro-pre-build-step
' '
make: Nothing to be done for `main-build'.
16:25:10 **** Incremental Build of configuration Debug for project core1 ****
make pre-build main-build 
a9-linaro-pre-build-step
' '
make: Nothing to be done for `main-build'.
16:28:04 **** Auto Build of configuration Debug for project core2 ****
make pre-build main-build 
a9-linaro-pre-build-step
' '
'Building file: ../src/helloworld.c'
'Invoking: ARM v7 gcc compiler'
arm-none-eabi-gcc -Wall -O0 -g3 -c -fmessage-length=0 -MT"src/helloworld.o" -mcpu=cortex-a9 -mfpu=vfpv3 -mfloat-abi=hard -I../../core2_bsp/ps7_cortexa9_1/include -MMD -MP -MF"src/helloworld.d" -MT"src/helloworld.o" -o "src/helloworld.o" "../src/helloworld.c"
../src/helloworld.c:54:18: warning: initialization makes pointer from integer without a cast [-Wint-conversion]
 int * endereco = 0x40000000;
                  ^~~~~~~~~~
'Finished building: ../src/helloworld.c'
' '
'Building target: core2.elf'
'Invoking: ARM v7 gcc linker'
arm-none-eabi-gcc -mcpu=cortex-a9 -mfpu=vfpv3 -mfloat-abi=hard -Wl,-build-id=none -specs=Xilinx.spec -Wl,-T -Wl,../src/lscript.ld -L../../core2_bsp/ps7_cortexa9_1/lib -o "core2.elf"  ./src/helloworld.o ./src/platform.o   -Wl,--start-group,-lxil,-lgcc,-lc,--end-group
'Finished building target: core2.elf'
' '
'Invoking: ARM v7 Print Size'
arm-none-eabi-size core2.elf  |tee "core2.elf.size"
   text	   data	    bss	    dec	    hex	filename
  20196	   1148	  22568	  43912	   ab88	core2.elf
'Finished building: core2.elf.size'
' '
16:28:09 **** Incremental Build of configuration Debug for project core2 ****
make pre-build main-build 
a9-linaro-pre-build-step
' '
make: Nothing to be done for `main-build'.
16:28:10 **** Incremental Build of configuration Debug for project core1 ****
make pre-build main-build 
a9-linaro-pre-build-step
' '
'Building file: ../src/helloworld.c'
'Invoking: ARM v7 gcc compiler'
arm-none-eabi-gcc -Wall -O0 -g3 -c -fmessage-length=0 -MT"src/helloworld.o" -mcpu=cortex-a9 -mfpu=vfpv3 -mfloat-abi=hard -I../../pratica4_bsp/ps7_cortexa9_0/include -MMD -MP -MF"src/helloworld.d" -MT"src/helloworld.o" -o "src/helloworld.o" "../src/helloworld.c"
../src/helloworld.c:54:18: warning: initialization makes pointer from integer without a cast [-Wint-conversion]
 int * endereco = 0x40000000;
                  ^~~~~~~~~~
'Finished building: ../src/helloworld.c'
' '
'Building target: core1.elf'
'Invoking: ARM v7 gcc linker'
arm-none-eabi-gcc -mcpu=cortex-a9 -mfpu=vfpv3 -mfloat-abi=hard -Wl,-build-id=none -specs=Xilinx.spec -Wl,-T -Wl,../src/lscript.ld -L../../pratica4_bsp/ps7_cortexa9_0/lib -o "core1.elf"  ./src/helloworld.o ./src/platform.o   -Wl,--start-group,-lxil,-lgcc,-lc,--end-group
'Finished building target: core1.elf'
' '
'Invoking: ARM v7 Print Size'
arm-none-eabi-size core1.elf  |tee "core1.elf.size"
   text	   data	    bss	    dec	    hex	filename
  71836	   2584	  23328	  97748	  17dd4	core1.elf
'Finished building: core1.elf.size'
' '
16:29:14 **** Incremental Build of configuration Debug for project core2 ****
make pre-build main-build 
a9-linaro-pre-build-step
' '
make: Nothing to be done for `main-build'.
16:29:15 **** Incremental Build of configuration Debug for project core1 ****
make pre-build main-build 
a9-linaro-pre-build-step
' '
'Building file: ../src/helloworld.c'
'Invoking: ARM v7 gcc compiler'
arm-none-eabi-gcc -Wall -O0 -g3 -c -fmessage-length=0 -MT"src/helloworld.o" -mcpu=cortex-a9 -mfpu=vfpv3 -mfloat-abi=hard -I../../pratica4_bsp/ps7_cortexa9_0/include -MMD -MP -MF"src/helloworld.d" -MT"src/helloworld.o" -o "src/helloworld.o" "../src/helloworld.c"
../src/helloworld.c:54:18: warning: initialization makes pointer from integer without a cast [-Wint-conversion]
 int * endereco = 0x45000000;
                  ^~~~~~~~~~
'Finished building: ../src/helloworld.c'
' '
'Building target: core1.elf'
'Invoking: ARM v7 gcc linker'
arm-none-eabi-gcc -mcpu=cortex-a9 -mfpu=vfpv3 -mfloat-abi=hard -Wl,-build-id=none -specs=Xilinx.spec -Wl,-T -Wl,../src/lscript.ld -L../../pratica4_bsp/ps7_cortexa9_0/lib -o "core1.elf"  ./src/helloworld.o ./src/platform.o   -Wl,--start-group,-lxil,-lgcc,-lc,--end-group
'Finished building target: core1.elf'
' '
'Invoking: ARM v7 Print Size'
arm-none-eabi-size core1.elf  |tee "core1.elf.size"
   text	   data	    bss	    dec	    hex	filename
  71836	   2584	  23328	  97748	  17dd4	core1.elf
'Finished building: core1.elf.size'
' '
16:31:13 **** Auto Build of configuration Debug for project core1 ****
make pre-build main-build 
a9-linaro-pre-build-step
' '
'Building file: ../src/helloworld.c'
'Invoking: ARM v7 gcc compiler'
arm-none-eabi-gcc -Wall -O0 -g3 -c -fmessage-length=0 -MT"src/helloworld.o" -mcpu=cortex-a9 -mfpu=vfpv3 -mfloat-abi=hard -I../../pratica4_bsp/ps7_cortexa9_0/include -MMD -MP -MF"src/helloworld.d" -MT"src/helloworld.o" -o "src/helloworld.o" "../src/helloworld.c"
../src/helloworld.c:54:18: error: expected expression before 'uint'
 int * endereco = uint(0x45000000);
                  ^~~~
make: *** [src/helloworld.o] Error 1
16:31:56 **** Auto Build of configuration Debug for project core1 ****
make pre-build main-build 
a9-linaro-pre-build-step
' '
'Building file: ../src/helloworld.c'
'Invoking: ARM v7 gcc compiler'
arm-none-eabi-gcc -Wall -O0 -g3 -c -fmessage-length=0 -MT"src/helloworld.o" -mcpu=cortex-a9 -mfpu=vfpv3 -mfloat-abi=hard -I../../pratica4_bsp/ps7_cortexa9_0/include -MMD -MP -MF"src/helloworld.d" -MT"src/helloworld.o" -o "src/helloworld.o" "../src/helloworld.c"
../src/helloworld.c:54:19: warning: initialization makes pointer from integer without a cast [-Wint-conversion]
 void * endereco = 0x45000000;
                   ^~~~~~~~~~
../src/helloworld.c: In function 'main':
../src/helloworld.c:76:22: warning: dereferencing 'void *' pointer
     printf("%d\r\n", *endereco);
                      ^~~~~~~~~
../src/helloworld.c:76:5: error: invalid use of void expression
     printf("%d\r\n", *endereco);
     ^~~~~~
make: *** [src/helloworld.o] Error 1
16:32:04 **** Auto Build of configuration Debug for project core2 ****
make pre-build main-build 
a9-linaro-pre-build-step
' '
'Building file: ../src/helloworld.c'
'Invoking: ARM v7 gcc compiler'
arm-none-eabi-gcc -Wall -O0 -g3 -c -fmessage-length=0 -MT"src/helloworld.o" -mcpu=cortex-a9 -mfpu=vfpv3 -mfloat-abi=hard -I../../core2_bsp/ps7_cortexa9_1/include -MMD -MP -MF"src/helloworld.d" -MT"src/helloworld.o" -o "src/helloworld.o" "../src/helloworld.c"
../src/helloworld.c:54:19: warning: initialization makes pointer from integer without a cast [-Wint-conversion]
 void * endereco = 0x45000000;
                   ^~~~~~~~~~
../src/helloworld.c: In function 'main':
../src/helloworld.c:78:5: warning: dereferencing 'void *' pointer
     *endereco = 1410;
     ^~~~~~~~~
../src/helloworld.c:78:5: error: invalid use of void expression
     *endereco = 1410;
     ^
make: *** [src/helloworld.o] Error 1
16:32:13 **** Incremental Build of configuration Debug for project core2 ****
make pre-build main-build 
a9-linaro-pre-build-step
' '
'Building file: ../src/helloworld.c'
'Invoking: ARM v7 gcc compiler'
arm-none-eabi-gcc -Wall -O0 -g3 -c -fmessage-length=0 -MT"src/helloworld.o" -mcpu=cortex-a9 -mfpu=vfpv3 -mfloat-abi=hard -I../../core2_bsp/ps7_cortexa9_1/include -MMD -MP -MF"src/helloworld.d" -MT"src/helloworld.o" -o "src/helloworld.o" "../src/helloworld.c"
../src/helloworld.c:54:19: warning: initialization makes pointer from integer without a cast [-Wint-conversion]
 void * endereco = 0x45000000;
                   ^~~~~~~~~~
../src/helloworld.c: In function 'main':
../src/helloworld.c:78:5: warning: dereferencing 'void *' pointer
     *endereco = 1410;
     ^~~~~~~~~
../src/helloworld.c:78:5: error: invalid use of void expression
     *endereco = 1410;
     ^
make: *** [src/helloworld.o] Error 1
16:32:14 **** Incremental Build of configuration Debug for project core1 ****
make pre-build main-build 
a9-linaro-pre-build-step
' '
'Building file: ../src/helloworld.c'
'Invoking: ARM v7 gcc compiler'
arm-none-eabi-gcc -Wall -O0 -g3 -c -fmessage-length=0 -MT"src/helloworld.o" -mcpu=cortex-a9 -mfpu=vfpv3 -mfloat-abi=hard -I../../pratica4_bsp/ps7_cortexa9_0/include -MMD -MP -MF"src/helloworld.d" -MT"src/helloworld.o" -o "src/helloworld.o" "../src/helloworld.c"
../src/helloworld.c:54:19: warning: initialization makes pointer from integer without a cast [-Wint-conversion]
 void * endereco = 0x45000000;
                   ^~~~~~~~~~
../src/helloworld.c: In function 'main':
../src/helloworld.c:76:22: warning: dereferencing 'void *' pointer
     printf("%d\r\n", *endereco);
                      ^~~~~~~~~
../src/helloworld.c:76:5: error: invalid use of void expression
     printf("%d\r\n", *endereco);
     ^~~~~~
make: *** [src/helloworld.o] Error 1
16:32:46 **** Auto Build of configuration Debug for project core1 ****
make pre-build main-build 
a9-linaro-pre-build-step
' '
'Building file: ../src/helloworld.c'
'Invoking: ARM v7 gcc compiler'
arm-none-eabi-gcc -Wall -O0 -g3 -c -fmessage-length=0 -MT"src/helloworld.o" -mcpu=cortex-a9 -mfpu=vfpv3 -mfloat-abi=hard -I../../pratica4_bsp/ps7_cortexa9_0/include -MMD -MP -MF"src/helloworld.d" -MT"src/helloworld.o" -o "src/helloworld.o" "../src/helloworld.c"
../src/helloworld.c:54:19: warning: initialization makes pointer from integer without a cast [-Wint-conversion]
 void * endereco = 0x45000000;
                   ^~~~~~~~~~
'Finished building: ../src/helloworld.c'
' '
'Building target: core1.elf'
'Invoking: ARM v7 gcc linker'
arm-none-eabi-gcc -mcpu=cortex-a9 -mfpu=vfpv3 -mfloat-abi=hard -Wl,-build-id=none -specs=Xilinx.spec -Wl,-T -Wl,../src/lscript.ld -L../../pratica4_bsp/ps7_cortexa9_0/lib -o "core1.elf"  ./src/helloworld.o ./src/platform.o   -Wl,--start-group,-lxil,-lgcc,-lc,--end-group
'Finished building target: core1.elf'
' '
'Invoking: ARM v7 Print Size'
arm-none-eabi-size core1.elf  |tee "core1.elf.size"
   text	   data	    bss	    dec	    hex	filename
  71836	   2584	  23328	  97748	  17dd4	core1.elf
'Finished building: core1.elf.size'
' '
16:33:05 **** Incremental Build of configuration Debug for project core2 ****
make pre-build main-build 
a9-linaro-pre-build-step
' '
'Building file: ../src/helloworld.c'
'Invoking: ARM v7 gcc compiler'
arm-none-eabi-gcc -Wall -O0 -g3 -c -fmessage-length=0 -MT"src/helloworld.o" -mcpu=cortex-a9 -mfpu=vfpv3 -mfloat-abi=hard -I../../core2_bsp/ps7_cortexa9_1/include -MMD -MP -MF"src/helloworld.d" -MT"src/helloworld.o" -o "src/helloworld.o" "../src/helloworld.c"
../src/helloworld.c:54:19: warning: initialization makes pointer from integer without a cast [-Wint-conversion]
 void * endereco = 0x45000000;
                   ^~~~~~~~~~
../src/helloworld.c: In function 'main':
../src/helloworld.c:78:5: warning: dereferencing 'void *' pointer
     *endereco = 1410;
     ^~~~~~~~~
../src/helloworld.c:78:5: error: invalid use of void expression
     *endereco = 1410;
     ^
make: *** [src/helloworld.o] Error 1
16:33:07 **** Incremental Build of configuration Debug for project core1 ****
make pre-build main-build 
a9-linaro-pre-build-step
' '
make: Nothing to be done for `main-build'.
16:33:53 **** Incremental Build of configuration Debug for project core2 ****
make pre-build main-build 
a9-linaro-pre-build-step
' '
'Building file: ../src/helloworld.c'
'Invoking: ARM v7 gcc compiler'
arm-none-eabi-gcc -Wall -O0 -g3 -c -fmessage-length=0 -MT"src/helloworld.o" -mcpu=cortex-a9 -mfpu=vfpv3 -mfloat-abi=hard -I../../core2_bsp/ps7_cortexa9_1/include -MMD -MP -MF"src/helloworld.d" -MT"src/helloworld.o" -o "src/helloworld.o" "../src/helloworld.c"
../src/helloworld.c:54:19: warning: initialization makes pointer from integer without a cast [-Wint-conversion]
 void * endereco = 0x40000000;
                   ^~~~~~~~~~
../src/helloworld.c: In function 'main':
../src/helloworld.c:78:5: warning: dereferencing 'void *' pointer
     *endereco = 1410;
     ^~~~~~~~~
../src/helloworld.c:78:5: error: invalid use of void expression
     *endereco = 1410;
     ^
make: *** [src/helloworld.o] Error 1
16:33:55 **** Incremental Build of configuration Debug for project core1 ****
make pre-build main-build 
a9-linaro-pre-build-step
' '
'Building file: ../src/helloworld.c'
'Invoking: ARM v7 gcc compiler'
arm-none-eabi-gcc -Wall -O0 -g3 -c -fmessage-length=0 -MT"src/helloworld.o" -mcpu=cortex-a9 -mfpu=vfpv3 -mfloat-abi=hard -I../../pratica4_bsp/ps7_cortexa9_0/include -MMD -MP -MF"src/helloworld.d" -MT"src/helloworld.o" -o "src/helloworld.o" "../src/helloworld.c"
../src/helloworld.c:54:19: warning: initialization makes pointer from integer without a cast [-Wint-conversion]
 void * endereco = 0x40000000;
                   ^~~~~~~~~~
'Finished building: ../src/helloworld.c'
' '
'Building target: core1.elf'
'Invoking: ARM v7 gcc linker'
arm-none-eabi-gcc -mcpu=cortex-a9 -mfpu=vfpv3 -mfloat-abi=hard -Wl,-build-id=none -specs=Xilinx.spec -Wl,-T -Wl,../src/lscript.ld -L../../pratica4_bsp/ps7_cortexa9_0/lib -o "core1.elf"  ./src/helloworld.o ./src/platform.o   -Wl,--start-group,-lxil,-lgcc,-lc,--end-group
'Finished building target: core1.elf'
' '
'Invoking: ARM v7 Print Size'
arm-none-eabi-size core1.elf  |tee "core1.elf.size"
   text	   data	    bss	    dec	    hex	filename
  71836	   2584	  23328	  97748	  17dd4	core1.elf
'Finished building: core1.elf.size'
' '
16:37:18 **** Incremental Build of configuration Debug for project core2 ****
make pre-build main-build 
a9-linaro-pre-build-step
' '
'Building file: ../src/helloworld.c'
'Invoking: ARM v7 gcc compiler'
arm-none-eabi-gcc -Wall -O0 -g3 -c -fmessage-length=0 -MT"src/helloworld.o" -mcpu=cortex-a9 -mfpu=vfpv3 -mfloat-abi=hard -I../../core2_bsp/ps7_cortexa9_1/include -MMD -MP -MF"src/helloworld.d" -MT"src/helloworld.o" -o "src/helloworld.o" "../src/helloworld.c"
../src/helloworld.c:58:19: warning: initialization makes pointer from integer without a cast [-Wint-conversion]
 void * endereco = 0x40000000;
                   ^~~~~~~~~~
'Finished building: ../src/helloworld.c'
' '
'Building target: core2.elf'
'Invoking: ARM v7 gcc linker'
arm-none-eabi-gcc -mcpu=cortex-a9 -mfpu=vfpv3 -mfloat-abi=hard -Wl,-build-id=none -specs=Xilinx.spec -Wl,-T -Wl,../src/lscript.ld -L../../core2_bsp/ps7_cortexa9_1/lib -o "core2.elf"  ./src/helloworld.o ./src/platform.o   -Wl,--start-group,-lxil,-lgcc,-lc,--end-group
'Finished building target: core2.elf'
' '
'Invoking: ARM v7 Print Size'
arm-none-eabi-size core2.elf  |tee "core2.elf.size"
   text	   data	    bss	    dec	    hex	filename
  71772	   2584	  23328	  97684	  17d94	core2.elf
'Finished building: core2.elf.size'
' '
16:37:20 **** Incremental Build of configuration Debug for project core1 ****
make pre-build main-build 
a9-linaro-pre-build-step
' '
'Building file: ../src/helloworld.c'
'Invoking: ARM v7 gcc compiler'
arm-none-eabi-gcc -Wall -O0 -g3 -c -fmessage-length=0 -MT"src/helloworld.o" -mcpu=cortex-a9 -mfpu=vfpv3 -mfloat-abi=hard -I../../pratica4_bsp/ps7_cortexa9_0/include -MMD -MP -MF"src/helloworld.d" -MT"src/helloworld.o" -o "src/helloworld.o" "../src/helloworld.c"
../src/helloworld.c:54:19: warning: initialization makes pointer from integer without a cast [-Wint-conversion]
 void * endereco = 0x40000000;
                   ^~~~~~~~~~
../src/helloworld.c: In function 'main':
../src/helloworld.c:78:5: warning: dereferencing 'void *' pointer
     *endereco = 1410;
     ^~~~~~~~~
../src/helloworld.c:78:5: error: invalid use of void expression
     *endereco = 1410;
     ^
make: *** [src/helloworld.o] Error 1
16:37:38 **** Incremental Build of configuration Debug for project core2 ****
make pre-build main-build 
a9-linaro-pre-build-step
' '
make: Nothing to be done for `main-build'.
16:37:39 **** Incremental Build of configuration Debug for project core1 ****
make pre-build main-build 
a9-linaro-pre-build-step
' '
'Building file: ../src/helloworld.c'
'Invoking: ARM v7 gcc compiler'
arm-none-eabi-gcc -Wall -O0 -g3 -c -fmessage-length=0 -MT"src/helloworld.o" -mcpu=cortex-a9 -mfpu=vfpv3 -mfloat-abi=hard -I../../pratica4_bsp/ps7_cortexa9_0/include -MMD -MP -MF"src/helloworld.d" -MT"src/helloworld.o" -o "src/helloworld.o" "../src/helloworld.c"
../src/helloworld.c:54:19: warning: initialization makes pointer from integer without a cast [-Wint-conversion]
 void * endereco = 0x40000000;
                   ^~~~~~~~~~
../src/helloworld.c: In function 'main':
../src/helloworld.c:78:5: warning: dereferencing 'void *' pointer
     *endereco = 1410;
     ^~~~~~~~~
../src/helloworld.c:78:5: error: invalid use of void expression
     *endereco = 1410;
     ^
make: *** [src/helloworld.o] Error 1
16:38:51 **** Auto Build of configuration Debug for project core1 ****
make pre-build main-build 
a9-linaro-pre-build-step
' '
'Building file: ../src/helloworld.c'
'Invoking: ARM v7 gcc compiler'
arm-none-eabi-gcc -Wall -O0 -g3 -c -fmessage-length=0 -MT"src/helloworld.o" -mcpu=cortex-a9 -mfpu=vfpv3 -mfloat-abi=hard -I../../pratica4_bsp/ps7_cortexa9_0/include -MMD -MP -MF"src/helloworld.d" -MT"src/helloworld.o" -o "src/helloworld.o" "../src/helloworld.c"
../src/helloworld.c:54:19: warning: initialization makes pointer from integer without a cast [-Wint-conversion]
 void * endereco = 0x40000000;
                   ^~~~~~~~~~
'Finished building: ../src/helloworld.c'
' '
'Building target: core1.elf'
'Invoking: ARM v7 gcc linker'
arm-none-eabi-gcc -mcpu=cortex-a9 -mfpu=vfpv3 -mfloat-abi=hard -Wl,-build-id=none -specs=Xilinx.spec -Wl,-T -Wl,../src/lscript.ld -L../../pratica4_bsp/ps7_cortexa9_0/lib -o "core1.elf"  ./src/helloworld.o ./src/platform.o   -Wl,--start-group,-lxil,-lgcc,-lc,--end-group
'Finished building target: core1.elf'
' '
'Invoking: ARM v7 Print Size'
arm-none-eabi-size core1.elf  |tee "core1.elf.size"
   text	   data	    bss	    dec	    hex	filename
  20236	   1148	  22568	  43952	   abb0	core1.elf
'Finished building: core1.elf.size'
' '
16:40:26 **** Incremental Build of configuration Debug for project core2 ****
make pre-build main-build 
a9-linaro-pre-build-step
' '
'Building file: ../src/helloworld.c'
'Invoking: ARM v7 gcc compiler'
arm-none-eabi-gcc -Wall -O0 -g3 -c -fmessage-length=0 -MT"src/helloworld.o" -mcpu=cortex-a9 -mfpu=vfpv3 -mfloat-abi=hard -I../../core2_bsp/ps7_cortexa9_1/include -MMD -MP -MF"src/helloworld.d" -MT"src/helloworld.o" -o "src/helloworld.o" "../src/helloworld.c"
../src/helloworld.c:58:19: warning: initialization makes pointer from integer without a cast [-Wint-conversion]
 void * endereco = 0x40000000;
                   ^~~~~~~~~~
'Finished building: ../src/helloworld.c'
' '
'Building target: core2.elf'
'Invoking: ARM v7 gcc linker'
arm-none-eabi-gcc -mcpu=cortex-a9 -mfpu=vfpv3 -mfloat-abi=hard -Wl,-build-id=none -specs=Xilinx.spec -Wl,-T -Wl,../src/lscript.ld -L../../core2_bsp/ps7_cortexa9_1/lib -o "core2.elf"  ./src/helloworld.o ./src/platform.o   -Wl,--start-group,-lxil,-lgcc,-lc,--end-group
'Finished building target: core2.elf'
' '
'Invoking: ARM v7 Print Size'
arm-none-eabi-size core2.elf  |tee "core2.elf.size"
   text	   data	    bss	    dec	    hex	filename
  19952	   1148	  22568	  43668	   aa94	core2.elf
'Finished building: core2.elf.size'
' '
16:40:28 **** Incremental Build of configuration Debug for project core1 ****
make pre-build main-build 
a9-linaro-pre-build-step
' '
'Building file: ../src/helloworld.c'
'Invoking: ARM v7 gcc compiler'
arm-none-eabi-gcc -Wall -O0 -g3 -c -fmessage-length=0 -MT"src/helloworld.o" -mcpu=cortex-a9 -mfpu=vfpv3 -mfloat-abi=hard -I../../pratica4_bsp/ps7_cortexa9_0/include -MMD -MP -MF"src/helloworld.d" -MT"src/helloworld.o" -o "src/helloworld.o" "../src/helloworld.c"
../src/helloworld.c:54:19: warning: initialization makes pointer from integer without a cast [-Wint-conversion]
 void * endereco = 0x40000000;
                   ^~~~~~~~~~
'Finished building: ../src/helloworld.c'
' '
'Building target: core1.elf'
'Invoking: ARM v7 gcc linker'
arm-none-eabi-gcc -mcpu=cortex-a9 -mfpu=vfpv3 -mfloat-abi=hard -Wl,-build-id=none -specs=Xilinx.spec -Wl,-T -Wl,../src/lscript.ld -L../../pratica4_bsp/ps7_cortexa9_0/lib -o "core1.elf"  ./src/helloworld.o ./src/platform.o   -Wl,--start-group,-lxil,-lgcc,-lc,--end-group
'Finished building target: core1.elf'
' '
'Invoking: ARM v7 Print Size'
arm-none-eabi-size core1.elf  |tee "core1.elf.size"
   text	   data	    bss	    dec	    hex	filename
  71836	   2584	  23328	  97748	  17dd4	core1.elf
'Finished building: core1.elf.size'
' '
16:41:32 **** Incremental Build of configuration Debug for project core2 ****
make pre-build main-build 
a9-linaro-pre-build-step
' '
make: Nothing to be done for `main-build'.
16:41:33 **** Incremental Build of configuration Debug for project core1 ****
make pre-build main-build 
a9-linaro-pre-build-step
' '
'Building file: ../src/helloworld.c'
'Invoking: ARM v7 gcc compiler'
arm-none-eabi-gcc -Wall -O0 -g3 -c -fmessage-length=0 -MT"src/helloworld.o" -mcpu=cortex-a9 -mfpu=vfpv3 -mfloat-abi=hard -I../../pratica4_bsp/ps7_cortexa9_0/include -MMD -MP -MF"src/helloworld.d" -MT"src/helloworld.o" -o "src/helloworld.o" "../src/helloworld.c"
../src/helloworld.c:54:19: warning: initialization makes pointer from integer without a cast [-Wint-conversion]
 void * endereco = 0x40000000;
                   ^~~~~~~~~~
../src/helloworld.c: In function 'potencia':
../src/helloworld.c:61:2: error: expected ';' before 'return'
  return base;
  ^~~~~~
../src/helloworld.c:62:1: warning: control reaches end of non-void function [-Wreturn-type]
 }
 ^
make: *** [src/helloworld.o] Error 1
16:41:55 **** Incremental Build of configuration Debug for project core2 ****
make pre-build main-build 
a9-linaro-pre-build-step
' '
make: Nothing to be done for `main-build'.
16:41:56 **** Incremental Build of configuration Debug for project core1 ****
make pre-build main-build 
a9-linaro-pre-build-step
' '
'Building file: ../src/helloworld.c'
'Invoking: ARM v7 gcc compiler'
arm-none-eabi-gcc -Wall -O0 -g3 -c -fmessage-length=0 -MT"src/helloworld.o" -mcpu=cortex-a9 -mfpu=vfpv3 -mfloat-abi=hard -I../../pratica4_bsp/ps7_cortexa9_0/include -MMD -MP -MF"src/helloworld.d" -MT"src/helloworld.o" -o "src/helloworld.o" "../src/helloworld.c"
../src/helloworld.c:54:19: warning: initialization makes pointer from integer without a cast [-Wint-conversion]
 void * endereco = 0x40000000;
                   ^~~~~~~~~~
'Finished building: ../src/helloworld.c'
' '
'Building target: core1.elf'
'Invoking: ARM v7 gcc linker'
arm-none-eabi-gcc -mcpu=cortex-a9 -mfpu=vfpv3 -mfloat-abi=hard -Wl,-build-id=none -specs=Xilinx.spec -Wl,-T -Wl,../src/lscript.ld -L../../pratica4_bsp/ps7_cortexa9_0/lib -o "core1.elf"  ./src/helloworld.o ./src/platform.o   -Wl,--start-group,-lxil,-lgcc,-lc,--end-group
'Finished building target: core1.elf'
' '
'Invoking: ARM v7 Print Size'
arm-none-eabi-size core1.elf  |tee "core1.elf.size"
   text	   data	    bss	    dec	    hex	filename
  71836	   2584	  23328	  97748	  17dd4	core1.elf
'Finished building: core1.elf.size'
' '
16:43:30 **** Incremental Build of configuration Debug for project core2 ****
make pre-build main-build 
a9-linaro-pre-build-step
' '
make: Nothing to be done for `main-build'.
16:43:30 **** Incremental Build of configuration Debug for project core1 ****
make pre-build main-build 
a9-linaro-pre-build-step
' '
'Building file: ../src/helloworld.c'
'Invoking: ARM v7 gcc compiler'
arm-none-eabi-gcc -Wall -O0 -g3 -c -fmessage-length=0 -MT"src/helloworld.o" -mcpu=cortex-a9 -mfpu=vfpv3 -mfloat-abi=hard -I../../pratica4_bsp/ps7_cortexa9_0/include -MMD -MP -MF"src/helloworld.d" -MT"src/helloworld.o" -o "src/helloworld.o" "../src/helloworld.c"
../src/helloworld.c:54:19: warning: initialization makes pointer from integer without a cast [-Wint-conversion]
 void * endereco = 0x40000000;
                   ^~~~~~~~~~
'Finished building: ../src/helloworld.c'
' '
'Building target: core1.elf'
'Invoking: ARM v7 gcc linker'
arm-none-eabi-gcc -mcpu=cortex-a9 -mfpu=vfpv3 -mfloat-abi=hard -Wl,-build-id=none -specs=Xilinx.spec -Wl,-T -Wl,../src/lscript.ld -L../../pratica4_bsp/ps7_cortexa9_0/lib -o "core1.elf"  ./src/helloworld.o ./src/platform.o   -Wl,--start-group,-lxil,-lgcc,-lc,--end-group
'Finished building target: core1.elf'
' '
'Invoking: ARM v7 Print Size'
arm-none-eabi-size core1.elf  |tee "core1.elf.size"
   text	   data	    bss	    dec	    hex	filename
  71836	   2584	  23328	  97748	  17dd4	core1.elf
'Finished building: core1.elf.size'
' '
16:45:21 **** Incremental Build of configuration Debug for project core2 ****
make pre-build main-build 
a9-linaro-pre-build-step
' '
make: Nothing to be done for `main-build'.
16:45:22 **** Incremental Build of configuration Debug for project core1 ****
make pre-build main-build 
a9-linaro-pre-build-step
' '
'Building file: ../src/helloworld.c'
'Invoking: ARM v7 gcc compiler'
arm-none-eabi-gcc -Wall -O0 -g3 -c -fmessage-length=0 -MT"src/helloworld.o" -mcpu=cortex-a9 -mfpu=vfpv3 -mfloat-abi=hard -I../../pratica4_bsp/ps7_cortexa9_0/include -MMD -MP -MF"src/helloworld.d" -MT"src/helloworld.o" -o "src/helloworld.o" "../src/helloworld.c"
../src/helloworld.c:54:19: warning: initialization makes pointer from integer without a cast [-Wint-conversion]
 void * endereco = 0x40000000;
                   ^~~~~~~~~~
'Finished building: ../src/helloworld.c'
' '
'Building target: core1.elf'
'Invoking: ARM v7 gcc linker'
arm-none-eabi-gcc -mcpu=cortex-a9 -mfpu=vfpv3 -mfloat-abi=hard -Wl,-build-id=none -specs=Xilinx.spec -Wl,-T -Wl,../src/lscript.ld -L../../pratica4_bsp/ps7_cortexa9_0/lib -o "core1.elf"  ./src/helloworld.o ./src/platform.o   -Wl,--start-group,-lxil,-lgcc,-lc,--end-group
'Finished building target: core1.elf'
' '
'Invoking: ARM v7 Print Size'
arm-none-eabi-size core1.elf  |tee "core1.elf.size"
   text	   data	    bss	    dec	    hex	filename
  71836	   2584	  23328	  97748	  17dd4	core1.elf
'Finished building: core1.elf.size'
' '
16:45:49 **** Incremental Build of configuration Debug for project core2 ****
make pre-build main-build 
a9-linaro-pre-build-step
' '
make: Nothing to be done for `main-build'.
16:45:50 **** Incremental Build of configuration Debug for project core1 ****
make pre-build main-build 
a9-linaro-pre-build-step
' '
'Building file: ../src/helloworld.c'
'Invoking: ARM v7 gcc compiler'
arm-none-eabi-gcc -Wall -O0 -g3 -c -fmessage-length=0 -MT"src/helloworld.o" -mcpu=cortex-a9 -mfpu=vfpv3 -mfloat-abi=hard -I../../pratica4_bsp/ps7_cortexa9_0/include -MMD -MP -MF"src/helloworld.d" -MT"src/helloworld.o" -o "src/helloworld.o" "../src/helloworld.c"
../src/helloworld.c:54:19: warning: initialization makes pointer from integer without a cast [-Wint-conversion]
 void * endereco = 0x40000000;
                   ^~~~~~~~~~
'Finished building: ../src/helloworld.c'
' '
'Building target: core1.elf'
'Invoking: ARM v7 gcc linker'
arm-none-eabi-gcc -mcpu=cortex-a9 -mfpu=vfpv3 -mfloat-abi=hard -Wl,-build-id=none -specs=Xilinx.spec -Wl,-T -Wl,../src/lscript.ld -L../../pratica4_bsp/ps7_cortexa9_0/lib -o "core1.elf"  ./src/helloworld.o ./src/platform.o   -Wl,--start-group,-lxil,-lgcc,-lc,--end-group
'Finished building target: core1.elf'
' '
'Invoking: ARM v7 Print Size'
arm-none-eabi-size core1.elf  |tee "core1.elf.size"
   text	   data	    bss	    dec	    hex	filename
  71836	   2584	  23328	  97748	  17dd4	core1.elf
'Finished building: core1.elf.size'
' '
16:46:42 **** Incremental Build of configuration Debug for project core2 ****
make pre-build main-build 
a9-linaro-pre-build-step
' '
make: Nothing to be done for `main-build'.
16:46:43 **** Incremental Build of configuration Debug for project core1 ****
make pre-build main-build 
a9-linaro-pre-build-step
' '
'Building file: ../src/helloworld.c'
'Invoking: ARM v7 gcc compiler'
arm-none-eabi-gcc -Wall -O0 -g3 -c -fmessage-length=0 -MT"src/helloworld.o" -mcpu=cortex-a9 -mfpu=vfpv3 -mfloat-abi=hard -I../../pratica4_bsp/ps7_cortexa9_0/include -MMD -MP -MF"src/helloworld.d" -MT"src/helloworld.o" -o "src/helloworld.o" "../src/helloworld.c"
../src/helloworld.c:54:19: warning: initialization makes pointer from integer without a cast [-Wint-conversion]
 void * endereco = 0x40000000;
                   ^~~~~~~~~~
'Finished building: ../src/helloworld.c'
' '
'Building target: core1.elf'
'Invoking: ARM v7 gcc linker'
arm-none-eabi-gcc -mcpu=cortex-a9 -mfpu=vfpv3 -mfloat-abi=hard -Wl,-build-id=none -specs=Xilinx.spec -Wl,-T -Wl,../src/lscript.ld -L../../pratica4_bsp/ps7_cortexa9_0/lib -o "core1.elf"  ./src/helloworld.o ./src/platform.o   -Wl,--start-group,-lxil,-lgcc,-lc,--end-group
'Finished building target: core1.elf'
' '
'Invoking: ARM v7 Print Size'
arm-none-eabi-size core1.elf  |tee "core1.elf.size"
   text	   data	    bss	    dec	    hex	filename
  71836	   2584	  23328	  97748	  17dd4	core1.elf
'Finished building: core1.elf.size'
' '
16:47:25 **** Auto Build of configuration Debug for project core1 ****
make pre-build main-build 
a9-linaro-pre-build-step
' '
'Building file: ../src/helloworld.c'
'Invoking: ARM v7 gcc compiler'
arm-none-eabi-gcc -Wall -O0 -g3 -c -fmessage-length=0 -MT"src/helloworld.o" -mcpu=cortex-a9 -mfpu=vfpv3 -mfloat-abi=hard -I../../pratica4_bsp/ps7_cortexa9_0/include -MMD -MP -MF"src/helloworld.d" -MT"src/helloworld.o" -o "src/helloworld.o" "../src/helloworld.c"
../src/helloworld.c:54:19: warning: initialization makes pointer from integer without a cast [-Wint-conversion]
 void * endereco = 0x40000000;
                   ^~~~~~~~~~
'Finished building: ../src/helloworld.c'
' '
'Building target: core1.elf'
'Invoking: ARM v7 gcc linker'
arm-none-eabi-gcc -mcpu=cortex-a9 -mfpu=vfpv3 -mfloat-abi=hard -Wl,-build-id=none -specs=Xilinx.spec -Wl,-T -Wl,../src/lscript.ld -L../../pratica4_bsp/ps7_cortexa9_0/lib -o "core1.elf"  ./src/helloworld.o ./src/platform.o   -Wl,--start-group,-lxil,-lgcc,-lc,--end-group
'Finished building target: core1.elf'
' '
'Invoking: ARM v7 Print Size'
arm-none-eabi-size core1.elf  |tee "core1.elf.size"
   text	   data	    bss	    dec	    hex	filename
  71836	   2584	  23328	  97748	  17dd4	core1.elf
'Finished building: core1.elf.size'
' '
16:47:27 **** Incremental Build of configuration Debug for project core2 ****
make pre-build main-build 
a9-linaro-pre-build-step
' '
make: Nothing to be done for `main-build'.
16:47:28 **** Incremental Build of configuration Debug for project core1 ****
make pre-build main-build 
a9-linaro-pre-build-step
' '
make: Nothing to be done for `main-build'.
16:48:18 **** Incremental Build of configuration Debug for project core2 ****
make pre-build main-build 
a9-linaro-pre-build-step
' '
make: Nothing to be done for `main-build'.
16:48:19 **** Incremental Build of configuration Debug for project core1 ****
make pre-build main-build 
a9-linaro-pre-build-step
' '
'Building file: ../src/helloworld.c'
'Invoking: ARM v7 gcc compiler'
arm-none-eabi-gcc -Wall -O0 -g3 -c -fmessage-length=0 -MT"src/helloworld.o" -mcpu=cortex-a9 -mfpu=vfpv3 -mfloat-abi=hard -I../../pratica4_bsp/ps7_cortexa9_0/include -MMD -MP -MF"src/helloworld.d" -MT"src/helloworld.o" -o "src/helloworld.o" "../src/helloworld.c"
../src/helloworld.c:54:19: warning: initialization makes pointer from integer without a cast [-Wint-conversion]
 void * endereco = 0x40000000;
                   ^~~~~~~~~~
'Finished building: ../src/helloworld.c'
' '
'Building target: core1.elf'
'Invoking: ARM v7 gcc linker'
arm-none-eabi-gcc -mcpu=cortex-a9 -mfpu=vfpv3 -mfloat-abi=hard -Wl,-build-id=none -specs=Xilinx.spec -Wl,-T -Wl,../src/lscript.ld -L../../pratica4_bsp/ps7_cortexa9_0/lib -o "core1.elf"  ./src/helloworld.o ./src/platform.o   -Wl,--start-group,-lxil,-lgcc,-lc,--end-group
'Finished building target: core1.elf'
' '
'Invoking: ARM v7 Print Size'
arm-none-eabi-size core1.elf  |tee "core1.elf.size"
   text	   data	    bss	    dec	    hex	filename
  71836	   2584	  23328	  97748	  17dd4	core1.elf
'Finished building: core1.elf.size'
' '
16:49:54 **** Incremental Build of configuration Debug for project core2 ****
make pre-build main-build 
a9-linaro-pre-build-step
' '
make: Nothing to be done for `main-build'.
16:49:55 **** Incremental Build of configuration Debug for project core1 ****
make pre-build main-build 
a9-linaro-pre-build-step
' '
'Building file: ../src/helloworld.c'
'Invoking: ARM v7 gcc compiler'
arm-none-eabi-gcc -Wall -O0 -g3 -c -fmessage-length=0 -MT"src/helloworld.o" -mcpu=cortex-a9 -mfpu=vfpv3 -mfloat-abi=hard -I../../pratica4_bsp/ps7_cortexa9_0/include -MMD -MP -MF"src/helloworld.d" -MT"src/helloworld.o" -o "src/helloworld.o" "../src/helloworld.c"
../src/helloworld.c:54:19: warning: initialization makes pointer from integer without a cast [-Wint-conversion]
 void * endereco = 0x40000000;
                   ^~~~~~~~~~
'Finished building: ../src/helloworld.c'
' '
'Building target: core1.elf'
'Invoking: ARM v7 gcc linker'
arm-none-eabi-gcc -mcpu=cortex-a9 -mfpu=vfpv3 -mfloat-abi=hard -Wl,-build-id=none -specs=Xilinx.spec -Wl,-T -Wl,../src/lscript.ld -L../../pratica4_bsp/ps7_cortexa9_0/lib -o "core1.elf"  ./src/helloworld.o ./src/platform.o   -Wl,--start-group,-lxil,-lgcc,-lc,--end-group
'Finished building target: core1.elf'
' '
'Invoking: ARM v7 Print Size'
arm-none-eabi-size core1.elf  |tee "core1.elf.size"
   text	   data	    bss	    dec	    hex	filename
  71844	   2584	  23328	  97756	  17ddc	core1.elf
'Finished building: core1.elf.size'
' '
16:52:22 **** Auto Build of configuration Debug for project core1 ****
make pre-build main-build 
a9-linaro-pre-build-step
' '
'Building file: ../src/helloworld.c'
'Invoking: ARM v7 gcc compiler'
arm-none-eabi-gcc -Wall -O0 -g3 -c -fmessage-length=0 -MT"src/helloworld.o" -mcpu=cortex-a9 -mfpu=vfpv3 -mfloat-abi=hard -I../../pratica4_bsp/ps7_cortexa9_0/include -MMD -MP -MF"src/helloworld.d" -MT"src/helloworld.o" -o "src/helloworld.o" "../src/helloworld.c"
../src/helloworld.c:54:19: warning: initialization makes pointer from integer without a cast [-Wint-conversion]
 void * endereco = 0x40000000;
                   ^~~~~~~~~~
'Finished building: ../src/helloworld.c'
' '
'Building target: core1.elf'
'Invoking: ARM v7 gcc linker'
arm-none-eabi-gcc -mcpu=cortex-a9 -mfpu=vfpv3 -mfloat-abi=hard -Wl,-build-id=none -specs=Xilinx.spec -Wl,-T -Wl,../src/lscript.ld -L../../pratica4_bsp/ps7_cortexa9_0/lib -o "core1.elf"  ./src/helloworld.o ./src/platform.o   -Wl,--start-group,-lxil,-lgcc,-lc,--end-group
'Finished building target: core1.elf'
' '
'Invoking: ARM v7 Print Size'
arm-none-eabi-size core1.elf  |tee "core1.elf.size"
   text	   data	    bss	    dec	    hex	filename
  71904	   2584	  23328	  97816	  17e18	core1.elf
'Finished building: core1.elf.size'
' '
16:52:24 **** Incremental Build of configuration Debug for project core2 ****
make pre-build main-build 
a9-linaro-pre-build-step
' '
make: Nothing to be done for `main-build'.
16:52:25 **** Incremental Build of configuration Debug for project core1 ****
make pre-build main-build 
a9-linaro-pre-build-step
' '
make: Nothing to be done for `main-build'.
16:53:00 **** Incremental Build of configuration Debug for project core2 ****
make pre-build main-build 
a9-linaro-pre-build-step
' '
make: Nothing to be done for `main-build'.
16:53:01 **** Incremental Build of configuration Debug for project core1 ****
make pre-build main-build 
a9-linaro-pre-build-step
' '
'Building file: ../src/helloworld.c'
'Invoking: ARM v7 gcc compiler'
arm-none-eabi-gcc -Wall -O0 -g3 -c -fmessage-length=0 -MT"src/helloworld.o" -mcpu=cortex-a9 -mfpu=vfpv3 -mfloat-abi=hard -I../../pratica4_bsp/ps7_cortexa9_0/include -MMD -MP -MF"src/helloworld.d" -MT"src/helloworld.o" -o "src/helloworld.o" "../src/helloworld.c"
../src/helloworld.c:54:19: warning: initialization makes pointer from integer without a cast [-Wint-conversion]
 void * endereco = 0x40000000;
                   ^~~~~~~~~~
'Finished building: ../src/helloworld.c'
' '
'Building target: core1.elf'
'Invoking: ARM v7 gcc linker'
arm-none-eabi-gcc -mcpu=cortex-a9 -mfpu=vfpv3 -mfloat-abi=hard -Wl,-build-id=none -specs=Xilinx.spec -Wl,-T -Wl,../src/lscript.ld -L../../pratica4_bsp/ps7_cortexa9_0/lib -o "core1.elf"  ./src/helloworld.o ./src/platform.o   -Wl,--start-group,-lxil,-lgcc,-lc,--end-group
'Finished building target: core1.elf'
' '
'Invoking: ARM v7 Print Size'
arm-none-eabi-size core1.elf  |tee "core1.elf.size"
   text	   data	    bss	    dec	    hex	filename
  71840	   2584	  23328	  97752	  17dd8	core1.elf
'Finished building: core1.elf.size'
' '
17:02:09 **** Auto Build of configuration Debug for project core2 ****
make pre-build main-build 
a9-linaro-pre-build-step
' '
'Building file: ../src/helloworld.c'
'Invoking: ARM v7 gcc compiler'
arm-none-eabi-gcc -Wall -O0 -g3 -c -fmessage-length=0 -MT"src/helloworld.o" -mcpu=cortex-a9 -mfpu=vfpv3 -mfloat-abi=hard -I../../core2_bsp/ps7_cortexa9_1/include -MMD -MP -MF"src/helloworld.d" -MT"src/helloworld.o" -o "src/helloworld.o" "../src/helloworld.c"
../src/helloworld.c:8:19: warning: initialization makes pointer from integer without a cast [-Wint-conversion]
 void * endereco = 0x40000000;
                   ^~~~~~~~~~
../src/helloworld.c: In function 'main':
../src/helloworld.c:34:25: error: 'n_termos' undeclared (first use in this function)
     double pi = leibniz(n_termos / 2, n_termos);
                         ^~~~~~~~
../src/helloworld.c:34:25: note: each undeclared identifier is reported only once for each function it appears in
../src/helloworld.c:37:5: warning: dereferencing 'void *' pointer
     *endereco += pi;
     ^~~~~~~~~
../src/helloworld.c:37:5: error: invalid use of void expression
     *endereco += pi;
     ^
make: *** [src/helloworld.o] Error 1
17:02:11 **** Incremental Build of configuration Debug for project core2 ****
make pre-build main-build 
a9-linaro-pre-build-step
' '
'Building file: ../src/helloworld.c'
'Invoking: ARM v7 gcc compiler'
arm-none-eabi-gcc -Wall -O0 -g3 -c -fmessage-length=0 -MT"src/helloworld.o" -mcpu=cortex-a9 -mfpu=vfpv3 -mfloat-abi=hard -I../../core2_bsp/ps7_cortexa9_1/include -MMD -MP -MF"src/helloworld.d" -MT"src/helloworld.o" -o "src/helloworld.o" "../src/helloworld.c"
../src/helloworld.c:8:19: warning: initialization makes pointer from integer without a cast [-Wint-conversion]
 void * endereco = 0x40000000;
                   ^~~~~~~~~~
../src/helloworld.c: In function 'main':
../src/helloworld.c:34:25: error: 'n_termos' undeclared (first use in this function)
     double pi = leibniz(n_termos / 2, n_termos);
                         ^~~~~~~~
../src/helloworld.c:34:25: note: each undeclared identifier is reported only once for each function it appears in
../src/helloworld.c:37:5: warning: dereferencing 'void *' pointer
     *endereco += pi;
     ^~~~~~~~~
../src/helloworld.c:37:5: error: invalid use of void expression
     *endereco += pi;
     ^
make: *** [src/helloworld.o] Error 1
17:02:12 **** Incremental Build of configuration Debug for project core1 ****
make pre-build main-build 
a9-linaro-pre-build-step
' '
'Building file: ../src/helloworld.c'
'Invoking: ARM v7 gcc compiler'
arm-none-eabi-gcc -Wall -O0 -g3 -c -fmessage-length=0 -MT"src/helloworld.o" -mcpu=cortex-a9 -mfpu=vfpv3 -mfloat-abi=hard -I../../pratica4_bsp/ps7_cortexa9_0/include -MMD -MP -MF"src/helloworld.d" -MT"src/helloworld.o" -o "src/helloworld.o" "../src/helloworld.c"
../src/helloworld.c:8:19: warning: initialization makes pointer from integer without a cast [-Wint-conversion]
 void * endereco = 0x40000000;
                   ^~~~~~~~~~
../src/helloworld.c: In function 'main':
../src/helloworld.c:34:5: warning: dereferencing 'void *' pointer
     *endereco = 0;
     ^~~~~~~~~
../src/helloworld.c:34:5: error: invalid use of void expression
     *endereco = 0;
     ^
../src/helloworld.c:40:11: warning: dereferencing 'void *' pointer
     pi += *endereco;
           ^~~~~~~~~
../src/helloworld.c:40:11: error: void value not ignored as it ought to be
../src/helloworld.c:42:14: warning: format '%d' expects argument of type 'int', but argument 2 has type 'double' [-Wformat=]
     printf("%df\r\n", pi);
              ^
make: *** [src/helloworld.o] Error 1
17:03:16 **** Auto Build of configuration Debug for project core1 ****
make pre-build main-build 
a9-linaro-pre-build-step
' '
'Building file: ../src/helloworld.c'
'Invoking: ARM v7 gcc compiler'
arm-none-eabi-gcc -Wall -O0 -g3 -c -fmessage-length=0 -MT"src/helloworld.o" -mcpu=cortex-a9 -mfpu=vfpv3 -mfloat-abi=hard -I../../pratica4_bsp/ps7_cortexa9_0/include -MMD -MP -MF"src/helloworld.d" -MT"src/helloworld.o" -o "src/helloworld.o" "../src/helloworld.c"
../src/helloworld.c:8:19: warning: initialization makes pointer from integer without a cast [-Wint-conversion]
 void * endereco = 0x40000000;
                   ^~~~~~~~~~
../src/helloworld.c: In function 'main':
../src/helloworld.c:34:8: error: expected expression before 'double'
     *(*double)endereco = (double)0;
        ^~~~~~
../src/helloworld.c:34:15: error: expected ';' before 'endereco'
     *(*double)endereco = (double)0;
               ^~~~~~~~
../src/helloworld.c:40:11: warning: dereferencing 'void *' pointer
     pi += *endereco;
           ^~~~~~~~~
../src/helloworld.c:40:11: error: void value not ignored as it ought to be
../src/helloworld.c:42:14: warning: format '%d' expects argument of type 'int', but argument 2 has type 'double' [-Wformat=]
     printf("%df\r\n", pi);
              ^
make: *** [src/helloworld.o] Error 1
17:03:23 **** Auto Build of configuration Debug for project core1 ****
make pre-build main-build 
a9-linaro-pre-build-step
' '
'Building file: ../src/helloworld.c'
'Invoking: ARM v7 gcc compiler'
arm-none-eabi-gcc -Wall -O0 -g3 -c -fmessage-length=0 -MT"src/helloworld.o" -mcpu=cortex-a9 -mfpu=vfpv3 -mfloat-abi=hard -I../../pratica4_bsp/ps7_cortexa9_0/include -MMD -MP -MF"src/helloworld.d" -MT"src/helloworld.o" -o "src/helloworld.o" "../src/helloworld.c"
../src/helloworld.c:8:19: warning: initialization makes pointer from integer without a cast [-Wint-conversion]
 void * endereco = 0x40000000;
                   ^~~~~~~~~~
../src/helloworld.c: In function 'main':
../src/helloworld.c:40:11: warning: dereferencing 'void *' pointer
     pi += *endereco;
           ^~~~~~~~~
../src/helloworld.c:40:11: error: void value not ignored as it ought to be
../src/helloworld.c:42:14: warning: format '%d' expects argument of type 'int', but argument 2 has type 'double' [-Wformat=]
     printf("%df\r\n", pi);
              ^
make: *** [src/helloworld.o] Error 1
17:03:42 **** Auto Build of configuration Debug for project core1 ****
make pre-build main-build 
a9-linaro-pre-build-step
' '
'Building file: ../src/helloworld.c'
'Invoking: ARM v7 gcc compiler'
arm-none-eabi-gcc -Wall -O0 -g3 -c -fmessage-length=0 -MT"src/helloworld.o" -mcpu=cortex-a9 -mfpu=vfpv3 -mfloat-abi=hard -I../../pratica4_bsp/ps7_cortexa9_0/include -MMD -MP -MF"src/helloworld.d" -MT"src/helloworld.o" -o "src/helloworld.o" "../src/helloworld.c"
../src/helloworld.c:8:19: warning: initialization makes pointer from integer without a cast [-Wint-conversion]
 void * endereco = 0x40000000;
                   ^~~~~~~~~~
../src/helloworld.c: In function 'main':
../src/helloworld.c:42:14: warning: format '%d' expects argument of type 'int', but argument 2 has type 'double' [-Wformat=]
     printf("%df\r\n", pi);
              ^
'Finished building: ../src/helloworld.c'
' '
'Building target: core1.elf'
'Invoking: ARM v7 gcc linker'
arm-none-eabi-gcc -mcpu=cortex-a9 -mfpu=vfpv3 -mfloat-abi=hard -Wl,-build-id=none -specs=Xilinx.spec -Wl,-T -Wl,../src/lscript.ld -L../../pratica4_bsp/ps7_cortexa9_0/lib -o "core1.elf"  ./src/helloworld.o ./src/platform.o   -Wl,--start-group,-lxil,-lgcc,-lc,--end-group
'Finished building target: core1.elf'
' '
'Invoking: ARM v7 Print Size'
arm-none-eabi-size core1.elf  |tee "core1.elf.size"
   text	   data	    bss	    dec	    hex	filename
  71904	   2584	  23328	  97816	  17e18	core1.elf
'Finished building: core1.elf.size'
' '
17:04:12 **** Auto Build of configuration Debug for project core2 ****
make pre-build main-build 
a9-linaro-pre-build-step
' '
'Building file: ../src/helloworld.c'
'Invoking: ARM v7 gcc compiler'
arm-none-eabi-gcc -Wall -O0 -g3 -c -fmessage-length=0 -MT"src/helloworld.o" -mcpu=cortex-a9 -mfpu=vfpv3 -mfloat-abi=hard -I../../core2_bsp/ps7_cortexa9_1/include -MMD -MP -MF"src/helloworld.d" -MT"src/helloworld.o" -o "src/helloworld.o" "../src/helloworld.c"
../src/helloworld.c:8:19: warning: initialization makes pointer from integer without a cast [-Wint-conversion]
 void * endereco = 0x40000000;
                   ^~~~~~~~~~
'Finished building: ../src/helloworld.c'
' '
'Building target: core2.elf'
'Invoking: ARM v7 gcc linker'
arm-none-eabi-gcc -mcpu=cortex-a9 -mfpu=vfpv3 -mfloat-abi=hard -Wl,-build-id=none -specs=Xilinx.spec -Wl,-T -Wl,../src/lscript.ld -L../../core2_bsp/ps7_cortexa9_1/lib -o "core2.elf"  ./src/helloworld.o ./src/platform.o   -Wl,--start-group,-lxil,-lgcc,-lc,--end-group
'Finished building target: core2.elf'
' '
'Invoking: ARM v7 Print Size'
arm-none-eabi-size core2.elf  |tee "core2.elf.size"
   text	   data	    bss	    dec	    hex	filename
  19716	   1148	  22568	  43432	   a9a8	core2.elf
'Finished building: core2.elf.size'
' '
17:04:19 **** Incremental Build of configuration Debug for project core2 ****
make pre-build main-build 
a9-linaro-pre-build-step
' '
make: Nothing to be done for `main-build'.
17:04:20 **** Incremental Build of configuration Debug for project core1 ****
make pre-build main-build 
a9-linaro-pre-build-step
' '
make: Nothing to be done for `main-build'.
17:05:18 **** Incremental Build of configuration Debug for project core2 ****
make pre-build main-build 
a9-linaro-pre-build-step
' '
make: Nothing to be done for `main-build'.
17:05:19 **** Incremental Build of configuration Debug for project core1 ****
make pre-build main-build 
a9-linaro-pre-build-step
' '
make: Nothing to be done for `main-build'.
17:06:03 **** Incremental Build of configuration Debug for project core2 ****
make pre-build main-build 
a9-linaro-pre-build-step
' '
make: Nothing to be done for `main-build'.
17:06:04 **** Incremental Build of configuration Debug for project core1 ****
make pre-build main-build 
a9-linaro-pre-build-step
' '
make: Nothing to be done for `main-build'.
17:06:38 **** Incremental Build of configuration Debug for project core2 ****
make pre-build main-build 
a9-linaro-pre-build-step
' '
make: Nothing to be done for `main-build'.
17:06:38 **** Incremental Build of configuration Debug for project core1 ****
make pre-build main-build 
a9-linaro-pre-build-step
' '
'Building file: ../src/helloworld.c'
'Invoking: ARM v7 gcc compiler'
arm-none-eabi-gcc -Wall -O0 -g3 -c -fmessage-length=0 -MT"src/helloworld.o" -mcpu=cortex-a9 -mfpu=vfpv3 -mfloat-abi=hard -I../../pratica4_bsp/ps7_cortexa9_0/include -MMD -MP -MF"src/helloworld.d" -MT"src/helloworld.o" -o "src/helloworld.o" "../src/helloworld.c"
../src/helloworld.c:8:19: warning: initialization makes pointer from integer without a cast [-Wint-conversion]
 void * endereco = 0x40000000;
                   ^~~~~~~~~~
'Finished building: ../src/helloworld.c'
' '
'Building target: core1.elf'
'Invoking: ARM v7 gcc linker'
arm-none-eabi-gcc -mcpu=cortex-a9 -mfpu=vfpv3 -mfloat-abi=hard -Wl,-build-id=none -specs=Xilinx.spec -Wl,-T -Wl,../src/lscript.ld -L../../pratica4_bsp/ps7_cortexa9_0/lib -o "core1.elf"  ./src/helloworld.o ./src/platform.o   -Wl,--start-group,-lxil,-lgcc,-lc,--end-group
'Finished building target: core1.elf'
' '
'Invoking: ARM v7 Print Size'
arm-none-eabi-size core1.elf  |tee "core1.elf.size"
   text	   data	    bss	    dec	    hex	filename
  71904	   2584	  23328	  97816	  17e18	core1.elf
'Finished building: core1.elf.size'
' '
17:07:33 **** Auto Build of configuration Debug for project core1 ****
make pre-build main-build 
a9-linaro-pre-build-step
' '
'Building file: ../src/helloworld.c'
'Invoking: ARM v7 gcc compiler'
arm-none-eabi-gcc -Wall -O0 -g3 -c -fmessage-length=0 -MT"src/helloworld.o" -mcpu=cortex-a9 -mfpu=vfpv3 -mfloat-abi=hard -I../../pratica4_bsp/ps7_cortexa9_0/include -MMD -MP -MF"src/helloworld.d" -MT"src/helloworld.o" -o "src/helloworld.o" "../src/helloworld.c"
../src/helloworld.c:8:19: warning: initialization makes pointer from integer without a cast [-Wint-conversion]
 void * endereco = 0x40000000;
                   ^~~~~~~~~~
'Finished building: ../src/helloworld.c'
' '
'Building target: core1.elf'
'Invoking: ARM v7 gcc linker'
arm-none-eabi-gcc -mcpu=cortex-a9 -mfpu=vfpv3 -mfloat-abi=hard -Wl,-build-id=none -specs=Xilinx.spec -Wl,-T -Wl,../src/lscript.ld -L../../pratica4_bsp/ps7_cortexa9_0/lib -o "core1.elf"  ./src/helloworld.o ./src/platform.o   -Wl,--start-group,-lxil,-lgcc,-lc,--end-group
'Finished building target: core1.elf'
' '
'Invoking: ARM v7 Print Size'
arm-none-eabi-size core1.elf  |tee "core1.elf.size"
   text	   data	    bss	    dec	    hex	filename
  71904	   2584	  23328	  97816	  17e18	core1.elf
'Finished building: core1.elf.size'
' '
17:09:05 **** Incremental Build of configuration Debug for project core2 ****
make pre-build main-build 
a9-linaro-pre-build-step
' '
'Building file: ../src/helloworld.c'
'Invoking: ARM v7 gcc compiler'
arm-none-eabi-gcc -Wall -O0 -g3 -c -fmessage-length=0 -MT"src/helloworld.o" -mcpu=cortex-a9 -mfpu=vfpv3 -mfloat-abi=hard -I../../core2_bsp/ps7_cortexa9_1/include -MMD -MP -MF"src/helloworld.d" -MT"src/helloworld.o" -o "src/helloworld.o" "../src/helloworld.c"
../src/helloworld.c:8:19: warning: initialization makes pointer from integer without a cast [-Wint-conversion]
 void * endereco = 0x40000000;
                   ^~~~~~~~~~
'Finished building: ../src/helloworld.c'
' '
'Building target: core2.elf'
'Invoking: ARM v7 gcc linker'
arm-none-eabi-gcc -mcpu=cortex-a9 -mfpu=vfpv3 -mfloat-abi=hard -Wl,-build-id=none -specs=Xilinx.spec -Wl,-T -Wl,../src/lscript.ld -L../../core2_bsp/ps7_cortexa9_1/lib -o "core2.elf"  ./src/helloworld.o ./src/platform.o   -Wl,--start-group,-lxil,-lgcc,-lc,--end-group
'Finished building target: core2.elf'
' '
'Invoking: ARM v7 Print Size'
arm-none-eabi-size core2.elf  |tee "core2.elf.size"
   text	   data	    bss	    dec	    hex	filename
  19708	   1148	  22568	  43424	   a9a0	core2.elf
'Finished building: core2.elf.size'
' '
17:09:07 **** Incremental Build of configuration Debug for project core1 ****
make pre-build main-build 
a9-linaro-pre-build-step
' '
'Building file: ../src/helloworld.c'
'Invoking: ARM v7 gcc compiler'
arm-none-eabi-gcc -Wall -O0 -g3 -c -fmessage-length=0 -MT"src/helloworld.o" -mcpu=cortex-a9 -mfpu=vfpv3 -mfloat-abi=hard -I../../pratica4_bsp/ps7_cortexa9_0/include -MMD -MP -MF"src/helloworld.d" -MT"src/helloworld.o" -o "src/helloworld.o" "../src/helloworld.c"
../src/helloworld.c:8:19: warning: initialization makes pointer from integer without a cast [-Wint-conversion]
 void * endereco = 0x40000000;
                   ^~~~~~~~~~
'Finished building: ../src/helloworld.c'
' '
'Building target: core1.elf'
'Invoking: ARM v7 gcc linker'
arm-none-eabi-gcc -mcpu=cortex-a9 -mfpu=vfpv3 -mfloat-abi=hard -Wl,-build-id=none -specs=Xilinx.spec -Wl,-T -Wl,../src/lscript.ld -L../../pratica4_bsp/ps7_cortexa9_0/lib -o "core1.elf"  ./src/helloworld.o ./src/platform.o   -Wl,--start-group,-lxil,-lgcc,-lc,--end-group
'Finished building target: core1.elf'
' '
'Invoking: ARM v7 Print Size'
arm-none-eabi-size core1.elf  |tee "core1.elf.size"
   text	   data	    bss	    dec	    hex	filename
  71904	   2584	  23328	  97816	  17e18	core1.elf
'Finished building: core1.elf.size'
' '
17:20:04 **** Incremental Build of configuration Debug for project core2 ****
make pre-build main-build 
a9-linaro-pre-build-step
' '
make: Nothing to be done for `main-build'.
17:20:05 **** Incremental Build of configuration Debug for project core1 ****
make pre-build main-build 
a9-linaro-pre-build-step
' '
make: Nothing to be done for `main-build'.
17:21:46 **** Incremental Build of configuration Debug for project core2 ****
make pre-build main-build 
a9-linaro-pre-build-step
' '
'Building file: ../src/helloworld.c'
'Invoking: ARM v7 gcc compiler'
arm-none-eabi-gcc -Wall -O0 -g3 -c -fmessage-length=0 -MT"src/helloworld.o" -mcpu=cortex-a9 -mfpu=vfpv3 -mfloat-abi=hard -I../../core2_bsp/ps7_cortexa9_1/include -MMD -MP -MF"src/helloworld.d" -MT"src/helloworld.o" -o "src/helloworld.o" "../src/helloworld.c"
../src/helloworld.c:8:19: warning: initialization makes pointer from integer without a cast [-Wint-conversion]
 void * endereco = 0x40000000;
                   ^~~~~~~~~~
'Finished building: ../src/helloworld.c'
' '
'Building target: core2.elf'
'Invoking: ARM v7 gcc linker'
arm-none-eabi-gcc -mcpu=cortex-a9 -mfpu=vfpv3 -mfloat-abi=hard -Wl,-build-id=none -specs=Xilinx.spec -Wl,-T -Wl,../src/lscript.ld -L../../core2_bsp/ps7_cortexa9_1/lib -o "core2.elf"  ./src/helloworld.o ./src/platform.o   -Wl,--start-group,-lxil,-lgcc,-lc,--end-group
'Finished building target: core2.elf'
' '
'Invoking: ARM v7 Print Size'
arm-none-eabi-size core2.elf  |tee "core2.elf.size"
   text	   data	    bss	    dec	    hex	filename
  19716	   1148	  22568	  43432	   a9a8	core2.elf
'Finished building: core2.elf.size'
' '
17:21:47 **** Incremental Build of configuration Debug for project core1 ****
make pre-build main-build 
a9-linaro-pre-build-step
' '
'Building file: ../src/helloworld.c'
'Invoking: ARM v7 gcc compiler'
arm-none-eabi-gcc -Wall -O0 -g3 -c -fmessage-length=0 -MT"src/helloworld.o" -mcpu=cortex-a9 -mfpu=vfpv3 -mfloat-abi=hard -I../../pratica4_bsp/ps7_cortexa9_0/include -MMD -MP -MF"src/helloworld.d" -MT"src/helloworld.o" -o "src/helloworld.o" "../src/helloworld.c"
../src/helloworld.c:8:19: warning: initialization makes pointer from integer without a cast [-Wint-conversion]
 void * endereco = 0x40000000;
                   ^~~~~~~~~~
'Finished building: ../src/helloworld.c'
' '
'Building target: core1.elf'
'Invoking: ARM v7 gcc linker'
arm-none-eabi-gcc -mcpu=cortex-a9 -mfpu=vfpv3 -mfloat-abi=hard -Wl,-build-id=none -specs=Xilinx.spec -Wl,-T -Wl,../src/lscript.ld -L../../pratica4_bsp/ps7_cortexa9_0/lib -o "core1.elf"  ./src/helloworld.o ./src/platform.o   -Wl,--start-group,-lxil,-lgcc,-lc,--end-group
'Finished building target: core1.elf'
' '
'Invoking: ARM v7 Print Size'
arm-none-eabi-size core1.elf  |tee "core1.elf.size"
   text	   data	    bss	    dec	    hex	filename
  71904	   2584	  23328	  97816	  17e18	core1.elf
'Finished building: core1.elf.size'
' '
17:27:38 **** Incremental Build of configuration Debug for project core2 ****
make pre-build main-build 
a9-linaro-pre-build-step
' '
make: Nothing to be done for `main-build'.
17:27:39 **** Incremental Build of configuration Debug for project core1 ****
make pre-build main-build 
a9-linaro-pre-build-step
' '
'Building file: ../src/helloworld.c'
'Invoking: ARM v7 gcc compiler'
arm-none-eabi-gcc -Wall -O0 -g3 -c -fmessage-length=0 -MT"src/helloworld.o" -mcpu=cortex-a9 -mfpu=vfpv3 -mfloat-abi=hard -I../../pratica4_bsp/ps7_cortexa9_0/include -MMD -MP -MF"src/helloworld.d" -MT"src/helloworld.o" -o "src/helloworld.o" "../src/helloworld.c"
../src/helloworld.c:8:19: warning: initialization makes pointer from integer without a cast [-Wint-conversion]
 void * endereco = 0x40000000;
                   ^~~~~~~~~~
'Finished building: ../src/helloworld.c'
' '
'Building target: core1.elf'
'Invoking: ARM v7 gcc linker'
arm-none-eabi-gcc -mcpu=cortex-a9 -mfpu=vfpv3 -mfloat-abi=hard -Wl,-build-id=none -specs=Xilinx.spec -Wl,-T -Wl,../src/lscript.ld -L../../pratica4_bsp/ps7_cortexa9_0/lib -o "core1.elf"  ./src/helloworld.o ./src/platform.o   -Wl,--start-group,-lxil,-lgcc,-lc,--end-group
'Finished building target: core1.elf'
' '
'Invoking: ARM v7 Print Size'
arm-none-eabi-size core1.elf  |tee "core1.elf.size"
   text	   data	    bss	    dec	    hex	filename
  71968	   2584	  23328	  97880	  17e58	core1.elf
'Finished building: core1.elf.size'
' '
17:27:56 **** Incremental Build of configuration Debug for project core2 ****
make pre-build main-build 
a9-linaro-pre-build-step
' '
'Building file: ../src/helloworld.c'
'Invoking: ARM v7 gcc compiler'
arm-none-eabi-gcc -Wall -O0 -g3 -c -fmessage-length=0 -MT"src/helloworld.o" -mcpu=cortex-a9 -mfpu=vfpv3 -mfloat-abi=hard -I../../core2_bsp/ps7_cortexa9_1/include -MMD -MP -MF"src/helloworld.d" -MT"src/helloworld.o" -o "src/helloworld.o" "../src/helloworld.c"
../src/helloworld.c:8:19: warning: initialization makes pointer from integer without a cast [-Wint-conversion]
 void * endereco = 0x40000000;
                   ^~~~~~~~~~
'Finished building: ../src/helloworld.c'
' '
'Building target: core2.elf'
'Invoking: ARM v7 gcc linker'
arm-none-eabi-gcc -mcpu=cortex-a9 -mfpu=vfpv3 -mfloat-abi=hard -Wl,-build-id=none -specs=Xilinx.spec -Wl,-T -Wl,../src/lscript.ld -L../../core2_bsp/ps7_cortexa9_1/lib -o "core2.elf"  ./src/helloworld.o ./src/platform.o   -Wl,--start-group,-lxil,-lgcc,-lc,--end-group
'Finished building target: core2.elf'
' '
'Invoking: ARM v7 Print Size'
arm-none-eabi-size core2.elf  |tee "core2.elf.size"
   text	   data	    bss	    dec	    hex	filename
  19712	   1148	  22568	  43428	   a9a4	core2.elf
'Finished building: core2.elf.size'
' '
17:27:58 **** Incremental Build of configuration Debug for project core1 ****
make pre-build main-build 
a9-linaro-pre-build-step
' '
'Building file: ../src/helloworld.c'
'Invoking: ARM v7 gcc compiler'
arm-none-eabi-gcc -Wall -O0 -g3 -c -fmessage-length=0 -MT"src/helloworld.o" -mcpu=cortex-a9 -mfpu=vfpv3 -mfloat-abi=hard -I../../pratica4_bsp/ps7_cortexa9_0/include -MMD -MP -MF"src/helloworld.d" -MT"src/helloworld.o" -o "src/helloworld.o" "../src/helloworld.c"
../src/helloworld.c:8:19: warning: initialization makes pointer from integer without a cast [-Wint-conversion]
 void * endereco = 0x40000000;
                   ^~~~~~~~~~
'Finished building: ../src/helloworld.c'
' '
'Building target: core1.elf'
'Invoking: ARM v7 gcc linker'
arm-none-eabi-gcc -mcpu=cortex-a9 -mfpu=vfpv3 -mfloat-abi=hard -Wl,-build-id=none -specs=Xilinx.spec -Wl,-T -Wl,../src/lscript.ld -L../../pratica4_bsp/ps7_cortexa9_0/lib -o "core1.elf"  ./src/helloworld.o ./src/platform.o   -Wl,--start-group,-lxil,-lgcc,-lc,--end-group
'Finished building target: core1.elf'
' '
'Invoking: ARM v7 Print Size'
arm-none-eabi-size core1.elf  |tee "core1.elf.size"
   text	   data	    bss	    dec	    hex	filename
  71968	   2584	  23328	  97880	  17e58	core1.elf
'Finished building: core1.elf.size'
' '
17:28:28 **** Auto Build of configuration Debug for project core2 ****
make pre-build main-build 
a9-linaro-pre-build-step
' '
'Building file: ../src/helloworld.c'
'Invoking: ARM v7 gcc compiler'
arm-none-eabi-gcc -Wall -O0 -g3 -c -fmessage-length=0 -MT"src/helloworld.o" -mcpu=cortex-a9 -mfpu=vfpv3 -mfloat-abi=hard -I../../core2_bsp/ps7_cortexa9_1/include -MMD -MP -MF"src/helloworld.d" -MT"src/helloworld.o" -o "src/helloworld.o" "../src/helloworld.c"
../src/helloworld.c:8:19: warning: initialization makes pointer from integer without a cast [-Wint-conversion]
 void * endereco = 0x40000000;
                   ^~~~~~~~~~
'Finished building: ../src/helloworld.c'
' '
'Building target: core2.elf'
'Invoking: ARM v7 gcc linker'
arm-none-eabi-gcc -mcpu=cortex-a9 -mfpu=vfpv3 -mfloat-abi=hard -Wl,-build-id=none -specs=Xilinx.spec -Wl,-T -Wl,../src/lscript.ld -L../../core2_bsp/ps7_cortexa9_1/lib -o "core2.elf"  ./src/helloworld.o ./src/platform.o   -Wl,--start-group,-lxil,-lgcc,-lc,--end-group
'Finished building target: core2.elf'
' '
'Invoking: ARM v7 Print Size'
arm-none-eabi-size core2.elf  |tee "core2.elf.size"
   text	   data	    bss	    dec	    hex	filename
  19708	   1148	  22568	  43424	   a9a0	core2.elf
'Finished building: core2.elf.size'
' '
17:28:30 **** Incremental Build of configuration Debug for project core2 ****
make pre-build main-build 
a9-linaro-pre-build-step
' '
make: Nothing to be done for `main-build'.
17:28:31 **** Incremental Build of configuration Debug for project core1 ****
make pre-build main-build 
a9-linaro-pre-build-step
' '
'Building file: ../src/helloworld.c'
'Invoking: ARM v7 gcc compiler'
arm-none-eabi-gcc -Wall -O0 -g3 -c -fmessage-length=0 -MT"src/helloworld.o" -mcpu=cortex-a9 -mfpu=vfpv3 -mfloat-abi=hard -I../../pratica4_bsp/ps7_cortexa9_0/include -MMD -MP -MF"src/helloworld.d" -MT"src/helloworld.o" -o "src/helloworld.o" "../src/helloworld.c"
../src/helloworld.c:8:19: warning: initialization makes pointer from integer without a cast [-Wint-conversion]
 void * endereco = 0x40000000;
                   ^~~~~~~~~~
'Finished building: ../src/helloworld.c'
' '
'Building target: core1.elf'
'Invoking: ARM v7 gcc linker'
arm-none-eabi-gcc -mcpu=cortex-a9 -mfpu=vfpv3 -mfloat-abi=hard -Wl,-build-id=none -specs=Xilinx.spec -Wl,-T -Wl,../src/lscript.ld -L../../pratica4_bsp/ps7_cortexa9_0/lib -o "core1.elf"  ./src/helloworld.o ./src/platform.o   -Wl,--start-group,-lxil,-lgcc,-lc,--end-group
'Finished building target: core1.elf'
' '
'Invoking: ARM v7 Print Size'
arm-none-eabi-size core1.elf  |tee "core1.elf.size"
   text	   data	    bss	    dec	    hex	filename
  71968	   2584	  23328	  97880	  17e58	core1.elf
'Finished building: core1.elf.size'
' '
17:28:47 **** Incremental Build of configuration Debug for project core2 ****
make pre-build main-build 
a9-linaro-pre-build-step
' '
make: Nothing to be done for `main-build'.
17:28:47 **** Incremental Build of configuration Debug for project core1 ****
make pre-build main-build 
a9-linaro-pre-build-step
' '
'Building file: ../src/helloworld.c'
'Invoking: ARM v7 gcc compiler'
arm-none-eabi-gcc -Wall -O0 -g3 -c -fmessage-length=0 -MT"src/helloworld.o" -mcpu=cortex-a9 -mfpu=vfpv3 -mfloat-abi=hard -I../../pratica4_bsp/ps7_cortexa9_0/include -MMD -MP -MF"src/helloworld.d" -MT"src/helloworld.o" -o "src/helloworld.o" "../src/helloworld.c"
../src/helloworld.c:8:19: warning: initialization makes pointer from integer without a cast [-Wint-conversion]
 void * endereco = 0x40000000;
                   ^~~~~~~~~~
'Finished building: ../src/helloworld.c'
' '
'Building target: core1.elf'
'Invoking: ARM v7 gcc linker'
arm-none-eabi-gcc -mcpu=cortex-a9 -mfpu=vfpv3 -mfloat-abi=hard -Wl,-build-id=none -specs=Xilinx.spec -Wl,-T -Wl,../src/lscript.ld -L../../pratica4_bsp/ps7_cortexa9_0/lib -o "core1.elf"  ./src/helloworld.o ./src/platform.o   -Wl,--start-group,-lxil,-lgcc,-lc,--end-group
'Finished building target: core1.elf'
' '
'Invoking: ARM v7 Print Size'
arm-none-eabi-size core1.elf  |tee "core1.elf.size"
   text	   data	    bss	    dec	    hex	filename
  71904	   2584	  23328	  97816	  17e18	core1.elf
'Finished building: core1.elf.size'
' '
17:29:11 **** Incremental Build of configuration Debug for project core2 ****
make pre-build main-build 
a9-linaro-pre-build-step
' '
make: Nothing to be done for `main-build'.
17:29:12 **** Incremental Build of configuration Debug for project core1 ****
make pre-build main-build 
a9-linaro-pre-build-step
' '
'Building file: ../src/helloworld.c'
'Invoking: ARM v7 gcc compiler'
arm-none-eabi-gcc -Wall -O0 -g3 -c -fmessage-length=0 -MT"src/helloworld.o" -mcpu=cortex-a9 -mfpu=vfpv3 -mfloat-abi=hard -I../../pratica4_bsp/ps7_cortexa9_0/include -MMD -MP -MF"src/helloworld.d" -MT"src/helloworld.o" -o "src/helloworld.o" "../src/helloworld.c"
../src/helloworld.c:8:19: warning: initialization makes pointer from integer without a cast [-Wint-conversion]
 void * endereco = 0x40000000;
                   ^~~~~~~~~~
'Finished building: ../src/helloworld.c'
' '
'Building target: core1.elf'
'Invoking: ARM v7 gcc linker'
arm-none-eabi-gcc -mcpu=cortex-a9 -mfpu=vfpv3 -mfloat-abi=hard -Wl,-build-id=none -specs=Xilinx.spec -Wl,-T -Wl,../src/lscript.ld -L../../pratica4_bsp/ps7_cortexa9_0/lib -o "core1.elf"  ./src/helloworld.o ./src/platform.o   -Wl,--start-group,-lxil,-lgcc,-lc,--end-group
'Finished building target: core1.elf'
' '
'Invoking: ARM v7 Print Size'
arm-none-eabi-size core1.elf  |tee "core1.elf.size"
   text	   data	    bss	    dec	    hex	filename
  71968	   2584	  23328	  97880	  17e58	core1.elf
'Finished building: core1.elf.size'
' '
